NIFTY100 RATIO ENGINE EDGE CASES (Sprint 2, Day 13)
============================================================

[1] Reported OPM cross-check (tolerance 1.0pp):
    total mismatches: 216 (genuine 9, source-data artefact 207)

    Genuine mismatches (reported value is a plausible margin):
      ADANIENSOL 2024-03: computed OPM 34.39% vs reported 30.00% (diff 4.39pp > 1.0pp)
      HDFCLIFE 2023-03: computed OPM 99.89% vs reported 80.00% (diff 19.89pp > 1.0pp)
      ICICIGI 2013-03: computed OPM 104.46% vs reported -178.00% (diff 282.46pp > 1.0pp)
      INDIGO 2019-03: computed OPM 100.53% vs reported -151.00% (diff 251.53pp > 1.0pp)
      INDIGO 2021-03: computed OPM 99.98% vs reported 2.00% (diff 97.98pp > 1.0pp)
      INDUSINDBK 2013-03: computed OPM 27.88% vs reported 286.00% (diff 258.12pp > 1.0pp)
      INDUSINDBK 2015-03: computed OPM 32.33% vs reported 288.00% (diff 255.67pp > 1.0pp)
      JIOFIN 2023-03: computed OPM 86.67% vs reported 88.00% (diff 1.33pp > 1.0pp)
      SUNPHARMA 2024-03: computed OPM 26.84% vs reported 28.00% (diff 1.16pp > 1.0pp)

    Source-data artefacts (reported value outside [-200%, 300%], blanket DQ-03 class in Sprint 1):
      AXISBANK 2013-03: computed OPM 30.58% vs reported 1353.00% (diff 1322.42pp > 1.0pp)
      AXISBANK 2014-03: computed OPM 31.47% vs reported 2307.00% (diff 2275.53pp > 1.0pp)
      AXISBANK 2015-03: computed OPM 31.36% vs reported 3097.00% (diff 3065.64pp > 1.0pp)
      AXISBANK 2016-03: computed OPM 32.61% vs reported 3466.00% (diff 3433.39pp > 1.0pp)
      AXISBANK 2017-03: computed OPM 53.45% vs reported -5715.00% (diff 5768.45pp > 1.0pp)
      AXISBANK 2018-03: computed OPM 63.12% vs reported -10277.00% (diff 10340.12pp > 1.0pp)
      AXISBANK 2019-03: computed OPM 49.39% vs reported -5447.00% (diff 5496.39pp > 1.0pp)
      AXISBANK 2020-03: computed OPM 55.98% vs reported -9859.00% (diff 9914.98pp > 1.0pp)
      AXISBANK 2021-03: computed OPM 50.12% vs reported -2510.00% (diff 2560.12pp > 1.0pp)
      AXISBANK 2022-03: computed OPM 44.47% vs reported 3170.00% (diff 3125.53pp > 1.0pp)
      AXISBANK 2023-03: computed OPM 34.16% vs reported 13857.00% (diff 13822.84pp > 1.0pp)
      AXISBANK 2024-03: computed OPM 34.69% vs reported 11952.00% (diff 11917.31pp > 1.0pp)
      BAJFINANCE 2015-03: computed OPM 32.49% vs reported 1367.00% (diff 1334.51pp > 1.0pp)
      BAJFINANCE 2016-03: computed OPM 32.25% vs reported 1986.00% (diff 1953.75pp > 1.0pp)
      BAJFINANCE 2017-03: computed OPM 32.60% vs reported 2867.00% (diff 2834.40pp > 1.0pp)
      BAJFINANCE 2018-03: computed OPM 32.28% vs reported 3935.00% (diff 3902.72pp > 1.0pp)
      BAJFINANCE 2019-03: computed OPM 29.50% vs reported 6310.00% (diff 6280.50pp > 1.0pp)
      BAJFINANCE 2020-03: computed OPM 34.73% vs reported 7608.00% (diff 7573.27pp > 1.0pp)
      BAJFINANCE 2021-03: computed OPM 40.64% vs reported 6314.00% (diff 6273.36pp > 1.0pp)
      BAJFINANCE 2022-03: computed OPM 37.55% vs reported 9906.00% (diff 9868.45pp > 1.0pp)
      BAJFINANCE 2023-03: computed OPM 30.65% vs reported 16018.00% (diff 15987.35pp > 1.0pp)
      BAJFINANCE 2024-03: computed OPM 29.29% vs reported 19987.00% (diff 19957.71pp > 1.0pp)
      BANKBARODA 2013-03: computed OPM 30.05% vs reported 1006.00% (diff 975.95pp > 1.0pp)
      BANKBARODA 2014-03: computed OPM 29.78% vs reported 809.00% (diff 779.22pp > 1.0pp)
      BANKBARODA 2015-03: computed OPM 29.98% vs reported 902.00% (diff 872.02pp > 1.0pp)
      BANKBARODA 2016-03: computed OPM 55.44% vs reported -11700.00% (diff 11755.44pp > 1.0pp)
      BANKBARODA 2017-03: computed OPM 43.28% vs reported -4372.00% (diff 4415.28pp > 1.0pp)
      BANKBARODA 2018-03: computed OPM 56.65% vs reported -9197.00% (diff 9253.65pp > 1.0pp)
      BANKBARODA 2019-03: computed OPM 48.79% vs reported -5414.00% (diff 5462.79pp > 1.0pp)
      BANKBARODA 2020-03: computed OPM 51.44% vs reported -11728.00% (diff 11779.44pp > 1.0pp)
      BANKBARODA 2021-03: computed OPM 51.23% vs reported -6957.00% (diff 7008.23pp > 1.0pp)
      BANKBARODA 2022-03: computed OPM 51.12% vs reported -2948.00% (diff 2999.12pp > 1.0pp)
      BANKBARODA 2023-03: computed OPM 40.45% vs reported 6329.00% (diff 6288.55pp > 1.0pp)
      BANKBARODA 2024-03: computed OPM 37.49% vs reported 4102.00% (diff 4064.51pp > 1.0pp)
      CANBK 2013-03: computed OPM 21.18% vs reported 655.00% (diff 633.82pp > 1.0pp)
      CANBK 2014-03: computed OPM 24.35% vs reported -672.00% (diff 696.35pp > 1.0pp)
      CANBK 2015-03: computed OPM 23.51% vs reported -621.00% (diff 644.51pp > 1.0pp)
      CANBK 2016-03: computed OPM 40.38% vs reported -8008.00% (diff 8048.38pp > 1.0pp)
      CANBK 2017-03: computed OPM 37.85% vs reported -5775.00% (diff 5812.85pp > 1.0pp)
      CANBK 2018-03: computed OPM 61.87% vs reported -13350.00% (diff 13411.87pp > 1.0pp)
      CANBK 2019-03: computed OPM 56.73% vs reported -11590.00% (diff 11646.73pp > 1.0pp)
      CANBK 2020-03: computed OPM 53.88% vs reported -12867.00% (diff 12920.88pp > 1.0pp)
      CANBK 2021-03: computed OPM 61.83% vs reported -18367.00% (diff 18428.83pp > 1.0pp)
      CANBK 2022-03: computed OPM 58.39% vs reported -13657.00% (diff 13715.39pp > 1.0pp)
      CANBK 2023-03: computed OPM 49.80% vs reported -9877.00% (diff 9926.80pp > 1.0pp)
      CANBK 2024-03: computed OPM 41.75% vs reported -7745.00% (diff 7786.75pp > 1.0pp)
      CHOLAFIN 2013-03: computed OPM 26.77% vs reported 472.00% (diff 445.23pp > 1.0pp)
      CHOLAFIN 2014-03: computed OPM 28.42% vs reported 578.00% (diff 549.58pp > 1.0pp)
      CHOLAFIN 2015-03: computed OPM 28.56% vs reported 696.00% (diff 667.44pp > 1.0pp)
      CHOLAFIN 2016-03: computed OPM 30.04% vs reported 899.00% (diff 868.96pp > 1.0pp)
      CHOLAFIN 2017-03: computed OPM 28.16% vs reported 1143.00% (diff 1114.84pp > 1.0pp)
      CHOLAFIN 2018-03: computed OPM 26.10% vs reported 1451.00% (diff 1424.90pp > 1.0pp)
      CHOLAFIN 2019-03: computed OPM 22.96% vs reported 1888.00% (diff 1865.04pp > 1.0pp)
      CHOLAFIN 2020-03: computed OPM 27.79% vs reported 1699.00% (diff 1671.21pp > 1.0pp)
      CHOLAFIN 2021-03: computed OPM 30.40% vs reported 2094.00% (diff 2063.60pp > 1.0pp)
      CHOLAFIN 2022-03: computed OPM 28.83% vs reported 2924.00% (diff 2895.17pp > 1.0pp)
      CHOLAFIN 2023-03: computed OPM 28.10% vs reported 3515.00% (diff 3486.90pp > 1.0pp)
      CHOLAFIN 2024-03: computed OPM 28.10% vs reported 4548.00% (diff 4519.90pp > 1.0pp)
      CIPLA 2013-03: computed OPM 73.26% vs reported 2214.00% (diff 2140.74pp > 1.0pp)
      CIPLA 2014-03: computed OPM 78.90% vs reported 2147.00% (diff 2068.10pp > 1.0pp)
      CIPLA 2015-03: computed OPM 80.94% vs reported 2163.00% (diff 2082.06pp > 1.0pp)
      CIPLA 2016-03: computed OPM 82.02% vs reported 2480.00% (diff 2397.98pp > 1.0pp)
      CIPLA 2017-03: computed OPM 82.66% vs reported 2496.00% (diff 2413.34pp > 1.0pp)
      CIPLA 2018-03: computed OPM 81.35% vs reported 2826.00% (diff 2744.65pp > 1.0pp)
      CIPLA 2019-03: computed OPM 81.07% vs reported 3097.00% (diff 3015.93pp > 1.0pp)
      CIPLA 2020-03: computed OPM 81.29% vs reported 3206.00% (diff 3124.71pp > 1.0pp)
      CIPLA 2021-03: computed OPM 77.80% vs reported 4252.00% (diff 4174.20pp > 1.0pp)
      CIPLA 2022-03: computed OPM 79.08% vs reported 4553.00% (diff 4473.92pp > 1.0pp)
      CIPLA 2023-03: computed OPM 77.91% vs reported 5027.00% (diff 4949.09pp > 1.0pp)
      CIPLA 2024-03: computed OPM 75.59% vs reported 6291.00% (diff 6215.41pp > 1.0pp)
      COALINDIA 2013-03: computed OPM 73.52% vs reported 18087.00% (diff 18013.48pp > 1.0pp)
      COALINDIA 2014-03: computed OPM 74.84% vs reported 17766.00% (diff 17691.16pp > 1.0pp)
      COALINDIA 2015-03: computed OPM 76.60% vs reported 17343.00% (diff 17266.40pp > 1.0pp)
      COALINDIA 2016-03: computed OPM 75.96% vs reported 18714.00% (diff 18638.04pp > 1.0pp)
      COALINDIA 2017-03: computed OPM 84.07% vs reported 12448.00% (diff 12363.93pp > 1.0pp)
      COALINDIA 2018-03: computed OPM 89.10% vs reported 9288.00% (diff 9198.90pp > 1.0pp)
      COALINDIA 2019-03: computed OPM 74.89% vs reported 25007.00% (diff 24932.11pp > 1.0pp)
      COALINDIA 2020-03: computed OPM 77.54% vs reported 21581.00% (diff 21503.46pp > 1.0pp)
      COALINDIA 2021-03: computed OPM 79.31% vs reported 18628.00% (diff 18548.69pp > 1.0pp)
      COALINDIA 2022-03: computed OPM 77.47% vs reported 24721.00% (diff 24643.53pp > 1.0pp)
      COALINDIA 2023-03: computed OPM 68.01% vs reported 44232.00% (diff 44163.99pp > 1.0pp)
      COALINDIA 2024-03: computed OPM 66.29% vs reported 47971.00% (diff 47904.71pp > 1.0pp)
      HDFCBANK 2013-03: computed OPM 35.22% vs reported 3534.00% (diff 3498.78pp > 1.0pp)
      HDFCBANK 2014-03: computed OPM 31.74% vs reported 5602.00% (diff 5570.26pp > 1.0pp)
      HDFCBANK 2015-03: computed OPM 31.90% vs reported 7214.00% (diff 7182.10pp > 1.0pp)
      HDFCBANK 2016-03: computed OPM 31.75% vs reported 9037.00% (diff 9005.25pp > 1.0pp)
      HDFCBANK 2017-03: computed OPM 32.56% vs reported 11374.00% (diff 11341.44pp > 1.0pp)
      HDFCBANK 2018-03: computed OPM 34.63% vs reported 13374.00% (diff 13339.37pp > 1.0pp)
      HDFCBANK 2019-03: computed OPM 33.15% vs reported 16592.00% (diff 16558.85pp > 1.0pp)
      HDFCBANK 2020-03: computed OPM 37.20% vs reported 14593.00% (diff 14555.80pp > 1.0pp)
      HDFCBANK 2021-03: computed OPM 40.81% vs reported 16848.00% (diff 16807.19pp > 1.0pp)
      HDFCBANK 2022-03: computed OPM 41.61% vs reported 20795.00% (diff 20753.39pp > 1.0pp)
      HDFCBANK 2023-03: computed OPM 36.92% vs reported 29932.00% (diff 29895.08pp > 1.0pp)
      HDFCBANK 2024-03: computed OPM 61.41% vs reported -44685.00% (diff 44746.41pp > 1.0pp)
      HDFCLIFE 2013-03: computed OPM 96.27% vs reported 525.00% (diff 428.73pp > 1.0pp)
      HDFCLIFE 2014-03: computed OPM 96.48% vs reported 605.00% (diff 508.52pp > 1.0pp)
      HDFCLIFE 2015-03: computed OPM 96.79% vs reported 874.00% (diff 777.21pp > 1.0pp)
      HDFCLIFE 2016-03: computed OPM 94.74% vs reported 953.00% (diff 858.26pp > 1.0pp)
      HDFCLIFE 2017-03: computed OPM 96.83% vs reported 972.00% (diff 875.17pp > 1.0pp)
      HDFCLIFE 2018-03: computed OPM 96.67% vs reported 1074.00% (diff 977.33pp > 1.0pp)
      HDFCLIFE 2019-03: computed OPM 96.87% vs reported 1215.00% (diff 1118.13pp > 1.0pp)
      HDFCLIFE 2020-03: computed OPM 96.12% vs reported 1141.00% (diff 1044.88pp > 1.0pp)
      HDFCLIFE 2021-03: computed OPM 98.27% vs reported 1235.00% (diff 1136.73pp > 1.0pp)
      HDFCLIFE 2022-03: computed OPM 98.84% vs reported 778.00% (diff 679.16pp > 1.0pp)
      HDFCLIFE 2024-03: computed OPM 99.48% vs reported 531.00% (diff 431.52pp > 1.0pp)
      HEROMOTOCO 2014-03: computed OPM 85.94% vs reported 3553.00% (diff 3467.06pp > 1.0pp)
      HEROMOTOCO 2015-03: computed OPM 87.22% vs reported 3520.00% (diff 3432.78pp > 1.0pp)
      HEROMOTOCO 2016-03: computed OPM 84.45% vs reported 4424.00% (diff 4339.55pp > 1.0pp)
      HEROMOTOCO 2017-03: computed OPM 83.97% vs reported 4585.00% (diff 4501.03pp > 1.0pp)
      HEROMOTOCO 2018-03: computed OPM 83.57% vs reported 5334.00% (diff 5250.43pp > 1.0pp)
      HEROMOTOCO 2019-03: computed OPM 85.21% vs reported 5025.00% (diff 4939.79pp > 1.0pp)
      HEROMOTOCO 2020-03: computed OPM 86.09% vs reported 4070.00% (diff 3983.91pp > 1.0pp)
      HEROMOTOCO 2021-03: computed OPM 86.90% vs reported 4058.00% (diff 3971.10pp > 1.0pp)
      HEROMOTOCO 2022-03: computed OPM 88.98% vs reported 3256.00% (diff 3167.02pp > 1.0pp)
      HEROMOTOCO 2023-03: computed OPM 88.00% vs reported 4099.00% (diff 4011.00pp > 1.0pp)
      HEROMOTOCO 2024-03: computed OPM 86.15% vs reported 5235.00% (diff 5148.85pp > 1.0pp)
      HINDALCO 2013-03: computed OPM 90.40% vs reported 7699.00% (diff 7608.60pp > 1.0pp)
      HINDALCO 2014-03: computed OPM 90.85% vs reported 8024.00% (diff 7933.15pp > 1.0pp)
      HINDALCO 2015-03: computed OPM 91.52% vs reported 8844.00% (diff 8752.48pp > 1.0pp)
      HINDALCO 2016-03: computed OPM 92.12% vs reported 7778.00% (diff 7685.88pp > 1.0pp)
      HINDALCO 2017-03: computed OPM 87.71% vs reported 12317.00% (diff 12229.29pp > 1.0pp)
      HINDALCO 2018-03: computed OPM 88.11% vs reported 13695.00% (diff 13606.89pp > 1.0pp)
      HINDALCO 2019-03: computed OPM 88.12% vs reported 15511.00% (diff 15422.88pp > 1.0pp)
      HINDALCO 2020-03: computed OPM 87.89% vs reported 14306.00% (diff 14218.11pp > 1.0pp)
      HINDALCO 2021-03: computed OPM 86.70% vs reported 17559.00% (diff 17472.30pp > 1.0pp)
      HINDALCO 2022-03: computed OPM 85.47% vs reported 28347.00% (diff 28261.53pp > 1.0pp)
      HINDALCO 2023-03: computed OPM 89.85% vs reported 22666.00% (diff 22576.15pp > 1.0pp)
      HINDALCO 2024-03: computed OPM 88.95% vs reported 23872.00% (diff 23783.05pp > 1.0pp)
      HINDUNILVR 2013-03: computed OPM 84.37% vs reported 4220.00% (diff 4135.63pp > 1.0pp)
      HINDUNILVR 2014-03: computed OPM 83.72% vs reported 4759.00% (diff 4675.28pp > 1.0pp)
      HINDUNILVR 2015-03: computed OPM 83.07% vs reported 5412.00% (diff 5328.93pp > 1.0pp)
      HINDUNILVR 2016-03: computed OPM 81.64% vs reported 5910.00% (diff 5828.36pp > 1.0pp)
      HINDUNILVR 2017-03: computed OPM 80.92% vs reported 6328.00% (diff 6247.08pp > 1.0pp)
      HINDUNILVR 2018-03: computed OPM 78.90% vs reported 7499.00% (diff 7420.10pp > 1.0pp)
      HINDUNILVR 2019-03: computed OPM 77.41% vs reported 8880.00% (diff 8802.59pp > 1.0pp)
      HINDUNILVR 2020-03: computed OPM 75.21% vs reported 9861.00% (diff 9785.79pp > 1.0pp)
      HINDUNILVR 2021-03: computed OPM 75.28% vs reported 11626.00% (diff 11550.72pp > 1.0pp)
      HINDUNILVR 2022-03: computed OPM 75.49% vs reported 12857.00% (diff 12781.51pp > 1.0pp)
      HINDUNILVR 2023-03: computed OPM 76.65% vs reported 14147.00% (diff 14070.35pp > 1.0pp)
      HINDUNILVR 2024-03: computed OPM 76.32% vs reported 14659.00% (diff 14582.68pp > 1.0pp)
      ICICIBANK 2013-03: computed OPM 70.59% vs reported -15085.00% (diff 15155.59pp > 1.0pp)
      ICICIBANK 2014-03: computed OPM 66.40% vs reported -13084.00% (diff 13150.40pp > 1.0pp)
      ICICIBANK 2015-03: computed OPM 70.53% vs reported -16120.00% (diff 16190.53pp > 1.0pp)
      ICICIBANK 2016-03: computed OPM 88.12% vs reported -26955.00% (diff 27043.12pp > 1.0pp)
      ICICIBANK 2017-03: computed OPM 104.76% vs reported -37737.00% (diff 37841.76pp > 1.0pp)
      ICICIBANK 2018-03: computed OPM 117.12% vs reported -44906.00% (diff 45023.12pp > 1.0pp)
      ICICIBANK 2019-03: computed OPM 116.38% vs reported -50971.00% (diff 51087.38pp > 1.0pp)
      ICICIBANK 2020-03: computed OPM 100.62% vs reported -45190.00% (diff 45290.62pp > 1.0pp)
      ICICIBANK 2021-03: computed OPM 102.41% vs reported -44805.00% (diff 44907.41pp > 1.0pp)
      ICICIBANK 2022-03: computed OPM 84.69% vs reported -26558.00% (diff 26642.69pp > 1.0pp)
      ICICIBANK 2023-03: computed OPM 72.57% vs reported -17341.00% (diff 17413.57pp > 1.0pp)
      ICICIBANK 2024-03: computed OPM 62.41% vs reported -14152.00% (diff 14214.41pp > 1.0pp)
      ICICIGI 2014-03: computed OPM 105.19% vs reported -225.00% (diff 330.19pp > 1.0pp)
      ICICIGI 2015-03: computed OPM 105.24% vs reported -221.00% (diff 326.24pp > 1.0pp)
      ICICIGI 2016-03: computed OPM 87.34% vs reported 764.00% (diff 676.66pp > 1.0pp)
      ICICIGI 2017-03: computed OPM 87.78% vs reported 919.00% (diff 831.22pp > 1.0pp)
      ICICIGI 2018-03: computed OPM 103.79% vs reported -262.00% (diff 365.79pp > 1.0pp)
      ICICIGI 2019-03: computed OPM 85.05% vs reported 1669.00% (diff 1583.95pp > 1.0pp)
      ICICIGI 2020-03: computed OPM 84.61% vs reported 1772.00% (diff 1687.39pp > 1.0pp)
      ICICIGI 2021-03: computed OPM 82.97% vs reported 2072.00% (diff 1989.03pp > 1.0pp)
      ICICIGI 2022-03: computed OPM 93.66% vs reported 1016.00% (diff 922.34pp > 1.0pp)
      ICICIGI 2023-03: computed OPM 92.93% vs reported 1264.00% (diff 1171.07pp > 1.0pp)
      ICICIGI 2024-03: computed OPM 87.42% vs reported 2577.00% (diff 2489.58pp > 1.0pp)
      ICICIPRULI 2013-03: computed OPM 96.28% vs reported 745.00% (diff 648.72pp > 1.0pp)
      ICICIPRULI 2014-03: computed OPM 93.13% vs reported 1504.00% (diff 1410.87pp > 1.0pp)
      ICICIPRULI 2015-03: computed OPM 95.20% vs reported 1655.00% (diff 1559.80pp > 1.0pp)
      ICICIPRULI 2016-03: computed OPM 91.17% vs reported 1842.00% (diff 1750.83pp > 1.0pp)
      ICICIPRULI 2017-03: computed OPM 95.22% vs reported 1806.00% (diff 1710.78pp > 1.0pp)
      ICICIPRULI 2018-03: computed OPM 95.44% vs reported 1771.00% (diff 1675.56pp > 1.0pp)
      ICICIPRULI 2019-03: computed OPM 98.70% vs reported 541.00% (diff 442.30pp > 1.0pp)
      ICICIPRULI 2020-03: computed OPM 101.52% vs reported -319.00% (diff 420.52pp > 1.0pp)
      ICICIPRULI 2021-03: computed OPM 100.47% vs reported -390.00% (diff 490.47pp > 1.0pp)
      ICICIPRULI 2022-03: computed OPM 103.40% vs reported -2163.00% (diff 2266.40pp > 1.0pp)
      ICICIPRULI 2023-03: computed OPM 103.48% vs reported -1757.00% (diff 1860.48pp > 1.0pp)
      ICICIPRULI 2024-03: computed OPM 102.03% vs reported -1829.00% (diff 1931.03pp > 1.0pp)
      INDIGO 2013-03: computed OPM 90.71% vs reported 855.00% (diff 764.29pp > 1.0pp)
      INDIGO 2014-03: computed OPM 96.11% vs reported 433.00% (diff 336.89pp > 1.0pp)
      INDIGO 2015-03: computed OPM 86.33% vs reported 1904.00% (diff 1817.67pp > 1.0pp)
      INDIGO 2016-03: computed OPM 80.40% vs reported 3164.00% (diff 3083.60pp > 1.0pp)
      INDIGO 2017-03: computed OPM 88.06% vs reported 2219.00% (diff 2130.94pp > 1.0pp)
      INDIGO 2018-03: computed OPM 86.84% vs reported 3030.00% (diff 2943.16pp > 1.0pp)
      INDIGO 2020-03: computed OPM 88.62% vs reported 4069.00% (diff 3980.38pp > 1.0pp)
      INDIGO 2022-03: computed OPM 97.85% vs reported 558.00% (diff 460.15pp > 1.0pp)
      INDIGO 2023-03: computed OPM 88.02% vs reported 6521.00% (diff 6432.98pp > 1.0pp)
      INDIGO 2024-03: computed OPM 76.30% vs reported 16331.00% (diff 16254.70pp > 1.0pp)
      INDUSINDBK 2014-03: computed OPM 30.95% vs reported 335.00% (diff 304.05pp > 1.0pp)
      INDUSINDBK 2016-03: computed OPM 35.28% vs reported 329.00% (diff 293.72pp > 1.0pp)
      INDUSINDBK 2017-03: computed OPM 39.46% vs reported 379.00% (diff 339.54pp > 1.0pp)
      INDUSINDBK 2018-03: computed OPM 37.93% vs reported 942.00% (diff 904.07pp > 1.0pp)
      INDUSINDBK 2019-03: computed OPM 41.70% vs reported -437.00% (diff 478.70pp > 1.0pp)
      INDUSINDBK 2020-03: computed OPM 43.81% vs reported -553.00% (diff 596.81pp > 1.0pp)
      INDUSINDBK 2021-03: computed OPM 55.16% vs reported -2469.00% (diff 2524.16pp > 1.0pp)
      INDUSINDBK 2022-03: computed OPM 51.39% vs reported -839.00% (diff 890.39pp > 1.0pp)
      INDUSINDBK 2023-03: computed OPM 42.69% vs reported 2067.00% (diff 2024.31pp > 1.0pp)
      INDUSINDBK 2024-03: computed OPM 38.55% vs reported 2978.00% (diff 2939.45pp > 1.0pp)
      KOTAKBANK 2013-03: computed OPM 60.92% vs reported -1789.00% (diff 1849.92pp > 1.0pp)
      KOTAKBANK 2014-03: computed OPM 58.84% vs reported -1379.00% (diff 1437.84pp > 1.0pp)
      KOTAKBANK 2015-03: computed OPM 72.96% vs reported -3366.00% (diff 3438.96pp > 1.0pp)
      KOTAKBANK 2016-03: computed OPM 56.57% vs reported -2263.00% (diff 2319.57pp > 1.0pp)
      KOTAKBANK 2017-03: computed OPM 66.44% vs reported -3965.00% (diff 4031.44pp > 1.0pp)
      KOTAKBANK 2018-03: computed OPM 66.87% vs reported -4141.00% (diff 4207.87pp > 1.0pp)
      KOTAKBANK 2019-03: computed OPM 66.23% vs reported -5114.00% (diff 5180.23pp > 1.0pp)
      KOTAKBANK 2020-03: computed OPM 67.45% vs reported -5005.00% (diff 5072.45pp > 1.0pp)
      KOTAKBANK 2021-03: computed OPM 90.83% vs reported -9958.00% (diff 10048.83pp > 1.0pp)
      KOTAKBANK 2022-03: computed OPM 90.98% vs reported -8512.00% (diff 8602.98pp > 1.0pp)
      KOTAKBANK 2023-03: computed OPM 79.44% vs reported -5746.00% (diff 5825.44pp > 1.0pp)
      KOTAKBANK 2024-03: computed OPM 83.67% vs reported -13382.00% (diff 13465.67pp > 1.0pp)

[2] ROCE vs companies.roce_percentage (latest year, diff > 5%):
    entries: 3
    TORNTPHARM: computed 32.30% vs reported 23.20% (diff 9.10pp)
    NESTLEIND: computed 162.06% vs reported 185.43% (diff 23.37pp)
    COALINDIA: computed 105.75% vs reported 63.60% (diff 42.15pp)

[3] ROE vs companies.roe_percentage (latest year, diff > 5%):
    entries: 3
    NESTLEIND: computed 117.75% vs reported 135.61% (diff 17.86pp)
    TATASTEEL: computed -5.33% vs reported 6.55% (diff 11.88pp)
    COALINDIA: computed 45.17% vs reported 52.00% (diff 6.83pp)

[4] Implausible computed ROE (source-data balance sheet anomaly):
    entries: 52
      ADANIPOWER 2017-03: ROE -205.8% (BS equity+reserves small vs P&L profit - check source scale)
      ADANIPOWER 2018-03: ROE -236.6% (BS equity+reserves small vs P&L profit - check source scale)
      BEL 2013-03: ROE 15183.3% (BS equity+reserves small vs P&L profit - check source scale)
      BEL 2014-03: ROE 13600.0% (BS equity+reserves small vs P&L profit - check source scale)
      BEL 2015-03: ROE 17100.0% (BS equity+reserves small vs P&L profit - check source scale)
      BEL 2016-03: ROE 11141.7% (BS equity+reserves small vs P&L profit - check source scale)
      BEL 2017-03: ROE 10153.3% (BS equity+reserves small vs P&L profit - check source scale)
      BEL 2018-03: ROE 4616.1% (BS equity+reserves small vs P&L profit - check source scale)
      BEL 2019-03: ROE 3851.0% (BS equity+reserves small vs P&L profit - check source scale)
      BEL 2020-03: ROE 3318.2% (BS equity+reserves small vs P&L profit - check source scale)
      BEL 2021-03: ROE 3559.3% (BS equity+reserves small vs P&L profit - check source scale)
      BEL 2022-03: ROE 3478.3% (BS equity+reserves small vs P&L profit - check source scale)
      BEL 2023-03: ROE 3981.3% (BS equity+reserves small vs P&L profit - check source scale)
      BEL 2024-03: ROE 4744.0% (BS equity+reserves small vs P&L profit - check source scale)
      HAL 2016-03: ROE 1665.0% (BS equity+reserves small vs P&L profit - check source scale)
      HAL 2017-03: ROE 1966.9% (BS equity+reserves small vs P&L profit - check source scale)
      HAL 2018-03: ROE 1528.5% (BS equity+reserves small vs P&L profit - check source scale)
      HAL 2019-03: ROE 1763.9% (BS equity+reserves small vs P&L profit - check source scale)
      HAL 2020-03: ROE 2059.4% (BS equity+reserves small vs P&L profit - check source scale)
      HAL 2021-03: ROE 2249.3% (BS equity+reserves small vs P&L profit - check source scale)
      HAL 2022-03: ROE 3324.2% (BS equity+reserves small vs P&L profit - check source scale)
      HAL 2023-03: ROE 3283.1% (BS equity+reserves small vs P&L profit - check source scale)
      HAL 2024-03: ROE 3816.6% (BS equity+reserves small vs P&L profit - check source scale)
      HINDUNILVR 2013-03: ROE 134.0% (BS equity+reserves small vs P&L profit - check source scale)
      HINDUNILVR 2014-03: ROE 111.8% (BS equity+reserves small vs P&L profit - check source scale)
      HINDUNILVR 2015-03: ROE 108.7% (BS equity+reserves small vs P&L profit - check source scale)
      INDIGO 2013-03: ROE 17886.4% (BS equity+reserves small vs P&L profit - check source scale)
      INDIGO 2014-03: ROE 10772.7% (BS equity+reserves small vs P&L profit - check source scale)
      INDIGO 2015-03: ROE 4939.4% (BS equity+reserves small vs P&L profit - check source scale)
      INDIGO 2016-03: ROE 1534.8% (BS equity+reserves small vs P&L profit - check source scale)
      INDIGO 2017-03: ROE 1692.9% (BS equity+reserves small vs P&L profit - check source scale)
      INDIGO 2018-03: ROE 2242.0% (BS equity+reserves small vs P&L profit - check source scale)
      INDIGO 2019-03: ROE 120.9% (BS equity+reserves small vs P&L profit - check source scale)
      INDIGO 2020-03: ROE -138.5% (BS equity+reserves small vs P&L profit - check source scale)
      INDIGO 2021-03: ROE -1094.1% (BS equity+reserves small vs P&L profit - check source scale)
      INDIGO 2024-03: ROE 892.6% (BS equity+reserves small vs P&L profit - check source scale)
      LICI 2019-03: ROE 324.3% (BS equity+reserves small vs P&L profit - check source scale)
      LICI 2020-03: ROE 270.5% (BS equity+reserves small vs P&L profit - check source scale)
      LT 2013-03: ROE 395.1% (BS equity+reserves small vs P&L profit - check source scale)
      LT 2014-03: ROE 303.4% (BS equity+reserves small vs P&L profit - check source scale)
      LT 2015-03: ROE 245.1% (BS equity+reserves small vs P&L profit - check source scale)
      LT 2016-03: ROE 216.1% (BS equity+reserves small vs P&L profit - check source scale)
      LT 2017-03: ROE 206.3% (BS equity+reserves small vs P&L profit - check source scale)
      LT 2018-03: ROE 207.4% (BS equity+reserves small vs P&L profit - check source scale)
      LT 2019-03: ROE 208.8% (BS equity+reserves small vs P&L profit - check source scale)
      LT 2020-03: ROE 201.6% (BS equity+reserves small vs P&L profit - check source scale)
      LT 2021-03: ROE 176.9% (BS equity+reserves small vs P&L profit - check source scale)
      NESTLEIND 2019-12: ROE 102.6% (BS equity+reserves small vs P&L profit - check source scale)
      NESTLEIND 2020-12: ROE 103.1% (BS equity+reserves small vs P&L profit - check source scale)
      NESTLEIND 2021-12: ROE 108.8% (BS equity+reserves small vs P&L profit - check source scale)
      NESTLEIND 2023-12: ROE 122.0% (BS equity+reserves small vs P&L profit - check source scale)
      NESTLEIND 2024-03: ROE 117.8% (BS equity+reserves small vs P&L profit - check source scale)

[5] Financials carve-out: 23 companies in broad_sector='Financials' -> D/E high-leverage flag suppressed and ROCE reported as sector-relative.

[6] Notes
  - Project doc lists 19 Financials (banks/NBFCs/insurance); the data holds the full Financials broad sector, which currently has 23 companies. Carve-out applies to all.
  - Reported ROCE/ROE come from companies.xlsx (single latest snapshot); computed values are per fiscal year. Differences > 5pp are expected for companies whose reported snapshot is not the latest fiscal year.
